Archive member included to satisfy reference by file (symbol)

c:/st/stm32cubeide_1.10.1/stm32cubeide/plugins/com.st.stm32cube.ide.mcu.externaltools.gnu-tools-for-stm32.10.3-2021.10.win32_1.0.0.202111181127/tools/bin/../lib/gcc/arm-none-eabi/10.3.1/../../../../arm-none-eabi/lib/thumb/v7e-m+dp/hard\libc_nano.a(lib_a-errno.o)
                              ./Core/Src/syscalls.o (__errno)
c:/st/stm32cubeide_1.10.1/stm32cubeide/plugins/com.st.stm32cube.ide.mcu.externaltools.gnu-tools-for-stm32.10.3-2021.10.win32_1.0.0.202111181127/tools/bin/../lib/gcc/arm-none-eabi/10.3.1/../../../../arm-none-eabi/lib/thumb/v7e-m+dp/hard\libc_nano.a(lib_a-exit.o)
                              c:/st/stm32cubeide_1.10.1/stm32cubeide/plugins/com.st.stm32cube.ide.mcu.externaltools.gnu-tools-for-stm32.10.3-2021.10.win32_1.0.0.202111181127/tools/bin/../lib/gcc/arm-none-eabi/10.3.1/../../../../arm-none-eabi/lib/thumb/v7e-m+dp/hard/crt0.o (exit)
c:/st/stm32cubeide_1.10.1/stm32cubeide/plugins/com.st.stm32cube.ide.mcu.externaltools.gnu-tools-for-stm32.10.3-2021.10.win32_1.0.0.202111181127/tools/bin/../lib/gcc/arm-none-eabi/10.3.1/../../../../arm-none-eabi/lib/thumb/v7e-m+dp/hard\libc_nano.a(lib_a-impure.o)
                              c:/st/stm32cubeide_1.10.1/stm32cubeide/plugins/com.st.stm32cube.ide.mcu.externaltools.gnu-tools-for-stm32.10.3-2021.10.win32_1.0.0.202111181127/tools/bin/../lib/gcc/arm-none-eabi/10.3.1/../../../../arm-none-eabi/lib/thumb/v7e-m+dp/hard\libc_nano.a(lib_a-exit.o) (_global_impure_ptr)
c:/st/stm32cubeide_1.10.1/stm32cubeide/plugins/com.st.stm32cube.ide.mcu.externaltools.gnu-tools-for-stm32.10.3-2021.10.win32_1.0.0.202111181127/tools/bin/../lib/gcc/arm-none-eabi/10.3.1/../../../../arm-none-eabi/lib/thumb/v7e-m+dp/hard\libc_nano.a(lib_a-init.o)
                              c:/st/stm32cubeide_1.10.1/stm32cubeide/plugins/com.st.stm32cube.ide.mcu.externaltools.gnu-tools-for-stm32.10.3-2021.10.win32_1.0.0.202111181127/tools/bin/../lib/gcc/arm-none-eabi/10.3.1/../../../../arm-none-eabi/lib/thumb/v7e-m+dp/hard/crt0.o (__libc_init_array)
c:/st/stm32cubeide_1.10.1/stm32cubeide/plugins/com.st.stm32cube.ide.mcu.externaltools.gnu-tools-for-stm32.10.3-2021.10.win32_1.0.0.202111181127/tools/bin/../lib/gcc/arm-none-eabi/10.3.1/../../../../arm-none-eabi/lib/thumb/v7e-m+dp/hard\libc_nano.a(lib_a-memset.o)
                              c:/st/stm32cubeide_1.10.1/stm32cubeide/plugins/com.st.stm32cube.ide.mcu.externaltools.gnu-tools-for-stm32.10.3-2021.10.win32_1.0.0.202111181127/tools/bin/../lib/gcc/arm-none-eabi/10.3.1/../../../../arm-none-eabi/lib/thumb/v7e-m+dp/hard/crt0.o (memset)

Discarded input sections

 .text          0x0000000000000000        0x0 c:/st/stm32cubeide_1.10.1/stm32cubeide/plugins/com.st.stm32cube.ide.mcu.externaltools.gnu-tools-for-stm32.10.3-2021.10.win32_1.0.0.202111181127/tools/bin/../lib/gcc/arm-none-eabi/10.3.1/thumb/v7e-m+dp/hard/crti.o
 .data          0x0000000000000000        0x0 c:/st/stm32cubeide_1.10.1/stm32cubeide/plugins/com.st.stm32cube.ide.mcu.externaltools.gnu-tools-for-stm32.10.3-2021.10.win32_1.0.0.202111181127/tools/bin/../lib/gcc/arm-none-eabi/10.3.1/thumb/v7e-m+dp/hard/crti.o
 .bss           0x0000000000000000        0x0 c:/st/stm32cubeide_1.10.1/stm32cubeide/plugins/com.st.stm32cube.ide.mcu.externaltools.gnu-tools-for-stm32.10.3-2021.10.win32_1.0.0.202111181127/tools/bin/../lib/gcc/arm-none-eabi/10.3.1/thumb/v7e-m+dp/hard/crti.o
 .data          0x0000000000000000        0x4 c:/st/stm32cubeide_1.10.1/stm32cubeide/plugins/com.st.stm32cube.ide.mcu.externaltools.gnu-tools-for-stm32.10.3-2021.10.win32_1.0.0.202111181127/tools/bin/../lib/gcc/arm-none-eabi/10.3.1/thumb/v7e-m+dp/hard/crtbegin.o
 .rodata        0x0000000000000000       0x24 c:/st/stm32cubeide_1.10.1/stm32cubeide/plugins/com.st.stm32cube.ide.mcu.externaltools.gnu-tools-for-stm32.10.3-2021.10.win32_1.0.0.202111181127/tools/bin/../lib/gcc/arm-none-eabi/10.3.1/thumb/v7e-m+dp/hard/crtbegin.o
 .text          0x0000000000000000       0x7c c:/st/stm32cubeide_1.10.1/stm32cubeide/plugins/com.st.stm32cube.ide.mcu.externaltools.gnu-tools-for-stm32.10.3-2021.10.win32_1.0.0.202111181127/tools/bin/../lib/gcc/arm-none-eabi/10.3.1/../../../../arm-none-eabi/lib/thumb/v7e-m+dp/hard/crt0.o
 .data          0x0000000000000000        0x0 c:/st/stm32cubeide_1.10.1/stm32cubeide/plugins/com.st.stm32cube.ide.mcu.externaltools.gnu-tools-for-stm32.10.3-2021.10.win32_1.0.0.202111181127/tools/bin/../lib/gcc/arm-none-eabi/10.3.1/../../../../arm-none-eabi/lib/thumb/v7e-m+dp/hard/crt0.o
 .bss           0x0000000000000000        0x0 c:/st/stm32cubeide_1.10.1/stm32cubeide/plugins/com.st.stm32cube.ide.mcu.externaltools.gnu-tools-for-stm32.10.3-2021.10.win32_1.0.0.202111181127/tools/bin/../lib/gcc/arm-none-eabi/10.3.1/../../../../arm-none-eabi/lib/thumb/v7e-m+dp/hard/crt0.o
[...]
Memory Configuration

Name             Origin             Length             Attributes
ITCMRAM          0x0000000000000000 0x0000000000010000 xrw
DTCMRAM          0x0000000020000000 0x0000000000020000 xrw
FLASH            0x0000000008000000 0x0000000000100000 xr
RAM_D1           0x0000000024000000 0x0000000000050000 xrw
RAM_D2           0x0000000030000000 0x0000000000008000 xrw
RAM_D3           0x0000000038000000 0x0000000000004000 xrw
*default*        0x0000000000000000 0xffffffffffffffff

Linker script and memory map

LOAD c:/st/stm32cubeide_1.10.1/stm32cubeide/plugins/com.st.stm32cube.ide.mcu.externaltools.gnu-tools-for-stm32.10.3-2021.10.win32_1.0.0.202111181127/tools/bin/../lib/gcc/arm-none-eabi/10.3.1/thumb/v7e-m+dp/hard/crti.o
LOAD c:/st/stm32cubeide_1.10.1/stm32cubeide/plugins/com.st.stm32cube.ide.mcu.externaltools.gnu-tools-for-stm32.10.3-2021.10.win32_1.0.0.202111181127/tools/bin/../lib/gcc/arm-none-eabi/10.3.1/thumb/v7e-m+dp/hard/crtbegin.o
LOAD c:/st/stm32cubeide_1.10.1/stm32cubeide/plugins/com.st.stm32cube.ide.mcu.externaltools.gnu-tools-for-stm32.10.3-2021.10.win32_1.0.0.202111181127/tools/bin/../lib/gcc/arm-none-eabi/10.3.1/../../../../arm-none-eabi/lib/thumb/v7e-m+dp/hard/crt0.o
LOAD ./Core/Src/diff_chassis.o
LOAD ./Core/Src/main.o
LOAD ./Core/Src/motor_controller.o
LOAD ./Core/Src/pi_controller.o
LOAD ./Core/Src/stm32h7xx_hal_msp.o
LOAD ./Core/Src/stm32h7xx_it.o
LOAD ./Core/Src/syscalls.o
LOAD ./Core/Src/sysmem.o
LOAD ./Core/Src/system_stm32h7xx.o
LOAD ./Core/Startup/startup_stm32h723zgtx.o
LOAD ./Drivers/STM32H7xx_HAL_Driver/Src/stm32h7xx_hal.o
LOAD ./Drivers/STM32H7xx_HAL_Driver/Src/stm32h7xx_hal_cortex.o
LOAD ./Drivers/STM32H7xx_HAL_Driver/Src/stm32h7xx_hal_dma.o
LOAD ./Drivers/STM32H7xx_HAL_Driver/Src/stm32h7xx_hal_dma_ex.o
LOAD ./Drivers/STM32H7xx_HAL_Driver/Src/stm32h7xx_hal_exti.o
LOAD ./Drivers/STM32H7xx_HAL_Driver/Src/stm32h7xx_hal_flash.o
LOAD ./Drivers/STM32H7xx_HAL_Driver/Src/stm32h7xx_hal_flash_ex.o
LOAD ./Drivers/STM32H7xx_HAL_Driver/Src/stm32h7xx_hal_gpio.o
LOAD ./Drivers/STM32H7xx_HAL_Driver/Src/stm32h7xx_hal_hsem.o
LOAD ./Drivers/STM32H7xx_HAL_Driver/Src/stm32h7xx_hal_i2c.o
LOAD ./Drivers/STM32H7xx_HAL_Driver/Src/stm32h7xx_hal_i2c_ex.o
LOAD ./Drivers/STM32H7xx_HAL_Driver/Src/stm32h7xx_hal_mdma.o
LOAD ./Drivers/STM32H7xx_HAL_Driver/Src/stm32h7xx_hal_pwr.o
LOAD ./Drivers/STM32H7xx_HAL_Driver/Src/stm32h7xx_hal_pwr_ex.o
LOAD ./Drivers/STM32H7xx_HAL_Driver/Src/stm32h7xx_hal_rcc.o
LOAD ./Drivers/STM32H7xx_HAL_Driver/Src/stm32h7xx_hal_rcc_ex.o
LOAD ./Drivers/STM32H7xx_HAL_Driver/Src/stm32h7xx_hal_tim.o
LOAD ./Drivers/STM32H7xx_HAL_Driver/Src/stm32h7xx_hal_tim_ex.o
START GROUP
LOAD c:/st/stm32cubeide_1.10.1/stm32cubeide/plugins/com.st.stm32cube.ide.mcu.externaltools.gnu-tools-for-stm32.10.3-2021.10.win32_1.0.0.202111181127/tools/bin/../lib/gcc/arm-none-eabi/10.3.1/../../../../arm-none-eabi/lib/thumb/v7e-m+dp/hard\libstdc++_nano.a
LOAD c:/st/stm32cubeide_1.10.1/stm32cubeide/plugins/com.st.stm32cube.ide.mcu.externaltools.gnu-tools-for-stm32.10.3-2021.10.win32_1.0.0.202111181127/tools/bin/../lib/gcc/arm-none-eabi/10.3.1/../../../../arm-none-eabi/lib/thumb/v7e-m+dp/hard\libsupc++_nano.a
END GROUP
LOAD c:/st/stm32cubeide_1.10.1/stm32cubeide/plugins/com.st.stm32cube.ide.mcu.externaltools.gnu-tools-for-stm32.10.3-2021.10.win32_1.0.0.202111181127/tools/bin/../lib/gcc/arm-none-eabi/10.3.1/../../../../arm-none-eabi/lib/thumb/v7e-m+dp/hard\libstdc++_nano.a
LOAD c:/st/stm32cubeide_1.10.1/stm32cubeide/plugins/com.st.stm32cube.ide.mcu.externaltools.gnu-tools-for-stm32.10.3-2021.10.win32_1.0.0.202111181127/tools/bin/../lib/gcc/arm-none-eabi/10.3.1/../../../../arm-none-eabi/lib/thumb/v7e-m+dp/hard\libm.a
LOAD c:/st/stm32cubeide_1.10.1/stm32cubeide/plugins/com.st.stm32cube.ide.mcu.externaltools.gnu-tools-for-stm32.10.3-2021.10.win32_1.0.0.202111181127/tools/bin/../lib/gcc/arm-none-eabi/10.3.1/../../../../arm-none-eabi/lib/thumb/v7e-m+dp/hard\libc_nano.a
START GROUP
LOAD c:/st/stm32cubeide_1.10.1/stm32cubeide/plugins/com.st.stm32cube.ide.mcu.externaltools.gnu-tools-for-stm32.10.3-2021.10.win32_1.0.0.202111181127/tools/bin/../lib/gcc/arm-none-eabi/10.3.1/thumb/v7e-m+dp/hard\libgcc.a
LOAD c:/st/stm32cubeide_1.10.1/stm32cubeide/plugins/com.st.stm32cube.ide.mcu.externaltools.gnu-tools-for-stm32.10.3-2021.10.win32_1.0.0.202111181127/tools/bin/../lib/gcc/arm-none-eabi/10.3.1/../../../../arm-none-eabi/lib/thumb/v7e-m+dp/hard\libc_nano.a
END GROUP
START GROUP
LOAD c:/st/stm32cubeide_1.10.1/stm32cubeide/plugins/com.st.stm32cube.ide.mcu.externaltools.gnu-tools-for-stm32.10.3-2021.10.win32_1.0.0.202111181127/tools/bin/../lib/gcc/arm-none-eabi/10.3.1/thumb/v7e-m+dp/hard\libgcc.a
LOAD c:/st/stm32cubeide_1.10.1/stm32cubeide/plugins/com.st.stm32cube.ide.mcu.externaltools.gnu-tools-for-stm32.10.3-2021.10.win32_1.0.0.202111181127/tools/bin/../lib/gcc/arm-none-eabi/10.3.1/../../../../arm-none-eabi/lib/thumb/v7e-m+dp/hard\libc_nano.a
LOAD c:/st/stm32cubeide_1.10.1/stm32cubeide/plugins/com.st.stm32cube.ide.mcu.externaltools.gnu-tools-for-stm32.10.3-2021.10.win32_1.0.0.202111181127/tools/bin/../lib/gcc/arm-none-eabi/10.3.1/../../../../arm-none-eabi/lib/thumb/v7e-m+dp/hard\libnosys.a
END GROUP
START GROUP
LOAD c:/st/stm32cubeide_1.10.1/stm32cubeide/plugins/com.st.stm32cube.ide.mcu.externaltools.gnu-tools-for-stm32.10.3-2021.10.win32_1.0.0.202111181127/tools/bin/../lib/gcc/arm-none-eabi/10.3.1/thumb/v7e-m+dp/hard\libgcc.a
LOAD c:/st/stm32cubeide_1.10.1/stm32cubeide/plugins/com.st.stm32cube.ide.mcu.externaltools.gnu-tools-for-stm32.10.3-2021.10.win32_1.0.0.202111181127/tools/bin/../lib/gcc/arm-none-eabi/10.3.1/../../../../arm-none-eabi/lib/thumb/v7e-m+dp/hard\libc_nano.a
LOAD c:/st/stm32cubeide_1.10.1/stm32cubeide/plugins/com.st.stm32cube.ide.mcu.externaltools.gnu-tools-for-stm32.10.3-2021.10.win32_1.0.0.202111181127/tools/bin/../lib/gcc/arm-none-eabi/10.3.1/../../../../arm-none-eabi/lib/thumb/v7e-m+dp/hard\libnosys.a
END GROUP
LOAD c:/st/stm32cubeide_1.10.1/stm32cubeide/plugins/com.st.stm32cube.ide.mcu.externaltools.gnu-tools-for-stm32.10.3-2021.10.win32_1.0.0.202111181127/tools/bin/../lib/gcc/arm-none-eabi/10.3.1/thumb/v7e-m+dp/hard/crtend.o
LOAD c:/st/stm32cubeide_1.10.1/stm32cubeide/plugins/com.st.stm32cube.ide.mcu.externaltools.gnu-tools-for-stm32.10.3-2021.10.win32_1.0.0.202111181127/tools/bin/../lib/gcc/arm-none-eabi/10.3.1/thumb/v7e-m+dp/hard/crtn.o
                0x0000000024050000                _estack = (ORIGIN (RAM_D1) + LENGTH (RAM_D1))
                0x0000000000000200                _Min_Heap_Size = 0x200
                0x0000000000000400                _Min_Stack_Size = 0x400

.isr_vector     0x0000000008000000      0x2cc
                0x0000000008000000                . = ALIGN (0x4)
 *(.isr_vector)
 .isr_vector    0x0000000008000000      0x2cc ./Core/Startup/startup_stm32h723zgtx.o
                0x0000000008000000                g_pfnVectors
                0x00000000080002cc                . = ALIGN (0x4)

.text           0x00000000080002d0     0x45fc
                0x00000000080002d0                . = ALIGN (0x4)
 *(.text)
 .text          0x00000000080002d0       0x40 c:/st/stm32cubeide_1.10.1/stm32cubeide/plugins/com.st.stm32cube.ide.mcu.externaltools.gnu-tools-for-stm32.10.3-2021.10.win32_1.0.0.202111181127/tools/bin/../lib/gcc/arm-none-eabi/10.3.1/thumb/v7e-m+dp/hard/crtbegin.o
 *(.text*)
 .text._ZN8CAR_INFOC2Ev
                0x0000000008000310       0x40 ./Core/Src/diff_chassis.o
                0x0000000008000310                CAR_INFO::CAR_INFO()
                0x0000000008000310                CAR_INFO::CAR_INFO()
 .text._ZN7MOTOR_VC2Ev
                0x0000000008000350       0x4e ./Core/Src/diff_chassis.o
                0x0000000008000350                MOTOR_V::MOTOR_V()
                0x0000000008000350                MOTOR_V::MOTOR_V()
 .text._ZN11DiffChassisC2Eii
                0x000000000800039e       0x54 ./Core/Src/diff_chassis.o
                0x000000000800039e                DiffChassis::DiffChassis(int, int)
                0x000000000800039e                DiffChassis::DiffChassis(int, int)
 .text._ZN11DiffChassis15Set_GoalCarInfoE8CAR_INFO
                0x00000000080003f2       0x94 ./Core/Src/diff_chassis.o
                0x00000000080003f2                DiffChassis::Set_GoalCarInfo(CAR_INFO)
 *fill*         0x0000000008000486        0x2 
 .text._ZN11DiffChassis14Set_MotorVGoalEv
                0x0000000008000488       0x9c ./Core/Src/diff_chassis.o
                0x0000000008000488                DiffChassis::Set_MotorVGoal()
 *fill*         0x0000000008000524        0x4 
 .text._ZN11DiffChassis17Update_NowCarInfoEff
                0x0000000008000528       0xec ./Core/Src/diff_chassis.o
                0x0000000008000528                DiffChassis::Update_NowCarInfo(float, float)
 *fill*         0x0000000008000614        0x4 
 .text._ZN11DiffChassis21Update_NowCarLocationEff
                0x0000000008000618       0xe4 ./Core/Src/diff_chassis.o
                0x0000000008000618                DiffChassis::Update_NowCarLocation(float, float)
 .text._ZN11DiffChassis13Get_NowMotorVEv
                0x00000000080006fc       0x5a ./Core/Src/diff_chassis.o
                0x00000000080006fc                DiffChassis::Get_NowMotorV()
 .text._ZN11DiffChassis14Get_NowCarInfoEv
                0x0000000008000756       0x4a ./Core/Src/diff_chassis.o
                0x0000000008000756                DiffChassis::Get_NowCarInfo()
 .text._ZN11DiffChassis18Get_NowCarLocationEv
                0x00000000080007a0       0x4a ./Core/Src/diff_chassis.o
                0x00000000080007a0                DiffChassis::Get_NowCarLocation()
 *fill*         0x00000000080007ea        0x6 
 .text.main     0x00000000080007f0       0xc8 ./Core/Src/main.o
                0x00000000080007f0                main
 .text._Z18SystemClock_Configv
                0x00000000080008b8       0xdc ./Core/Src/main.o
                0x00000000080008b8                SystemClock_Config()
 .text._ZL12MX_TIM2_Initv
                0x0000000008000994       0xbc ./Core/Src/main.o
 .text._ZL12MX_TIM3_Initv
                0x0000000008000a50       0xc0 ./Core/Src/main.o
 .text._ZL12MX_TIM4_Initv
                0x0000000008000b10       0xc0 ./Core/Src/main.o
 .text._ZL12MX_TIM5_Initv
                0x0000000008000bd0       0xc0 ./Core/Src/main.o
 .text._ZL12MX_TIM6_Initv
                0x0000000008000c90       0x80 ./Core/Src/main.o
 .text._ZL13MX_TIM15_Initv
                0x0000000008000d10      0x158 ./Core/Src/main.o
 .text._ZL12MX_GPIO_Initv
                0x0000000008000e68      0x16c ./Core/Src/main.o
 .text.HAL_TIM_PeriodElapsedCallback
                0x0000000008000fd4      0x220 ./Core/Src/main.o
                0x0000000008000fd4                HAL_TIM_PeriodElapsedCallback
 .text.Error_Handler
                0x00000000080011f4        0xa ./Core/Src/main.o
                0x00000000080011f4                Error_Handler
 *fill*         0x00000000080011fe        0x2 
 .text._Z41__static_initialization_and_destruction_0ii
                0x0000000008001200       0x30 ./Core/Src/main.o
 .text._GLOBAL__sub_I_htim2
                0x0000000008001230       0x10 ./Core/Src/main.o
 .text._ZSt4fabsf
                0x0000000008001240       0x20 ./Core/Src/motor_controller.o
                0x0000000008001240                std::fabs(float)
 .text._ZN15MotorControllerC2EiP17TIM_HandleTypeDefmS1_P12GPIO_TypeDeftffff
                0x0000000008001260       0x7c ./Core/Src/motor_controller.o
                0x0000000008001260                MotorController::MotorController(int, TIM_HandleTypeDef*, unsigned long, TIM_HandleTypeDef*, GPIO_TypeDef*, unsigned short, float, float, float, float)
                0x0000000008001260                MotorController::MotorController(int, TIM_HandleTypeDef*, unsigned long, TIM_HandleTypeDef*, GPIO_TypeDef*, unsigned short, float, float, float, float)
 .text._ZN15MotorController8SetSpeedEf
                0x00000000080012dc       0x1e ./Core/Src/motor_controller.o
                0x00000000080012dc                MotorController::SetSpeed(float)
 .text._ZN15MotorController6UpdateEf
                0x00000000080012fa       0x62 ./Core/Src/motor_controller.o
                0x00000000080012fa                MotorController::Update(float)
 .text._ZN15MotorController6SetPWMEf
                0x000000000800135c      0x16c ./Core/Src/motor_controller.o
                0x000000000800135c                MotorController::SetPWM(float)
 .text._ZN15MotorController16GetMeasuredSpeedEv
                0x00000000080014c8       0x64 ./Core/Src/motor_controller.o
                0x00000000080014c8                MotorController::GetMeasuredSpeed()
 .text._ZN15MotorController12MoveDistanceEv
                0x000000000800152c       0x4c ./Core/Src/motor_controller.o
                0x000000000800152c                MotorController::MoveDistance()
 .text._Z41__static_initialization_and_destruction_0ii
                0x0000000008001578       0xb4 ./Core/Src/motor_controller.o
 .text._GLOBAL__sub_I_WheelRadius
                0x000000000800162c       0x10 ./Core/Src/motor_controller.o
 .text._ZN12PIControllerC2Effffi
                0x000000000800163c       0x54 ./Core/Src/pi_controller.o
                0x000000000800163c                PIController::PIController(float, float, float, float, int)
                0x000000000800163c                PIController::PIController(float, float, float, float, int)
 .text._ZN12PIController7ComputeEifff
                0x0000000008001690      0x164 ./Core/Src/pi_controller.o
                0x0000000008001690                PIController::Compute(int, float, float, float)
 .text.HAL_MspInit
                0x00000000080017f4       0x34 ./Core/Src/stm32h7xx_hal_msp.o
                0x00000000080017f4                HAL_MspInit
 .text.HAL_TIM_Encoder_MspInit
                0x0000000008001828      0x25c ./Core/Src/stm32h7xx_hal_msp.o
                0x0000000008001828                HAL_TIM_Encoder_MspInit
 .text.HAL_TIM_Base_MspInit
                0x0000000008001a84       0x50 ./Core/Src/stm32h7xx_hal_msp.o
                0x0000000008001a84                HAL_TIM_Base_MspInit
 .text.HAL_TIM_PWM_MspInit
                0x0000000008001ad4       0x50 ./Core/Src/stm32h7xx_hal_msp.o
                0x0000000008001ad4                HAL_TIM_PWM_MspInit
 .text.HAL_TIM_MspPostInit
                0x0000000008001b24       0x74 ./Core/Src/stm32h7xx_hal_msp.o
                0x0000000008001b24                HAL_TIM_MspPostInit
 .text.NMI_Handler
                0x0000000008001b98        0x6 ./Core/Src/stm32h7xx_it.o
                0x0000000008001b98                NMI_Handler
 .text.HardFault_Handler
                0x0000000008001b9e        0x6 ./Core/Src/stm32h7xx_it.o
                0x0000000008001b9e                HardFault_Handler
 .text.MemManage_Handler
                0x0000000008001ba4        0x6 ./Core/Src/stm32h7xx_it.o
                0x0000000008001ba4                MemManage_Handler
 .text.BusFault_Handler
                0x0000000008001baa        0x6 ./Core/Src/stm32h7xx_it.o
                0x0000000008001baa                BusFault_Handler
 .text.UsageFault_Handler
                0x0000000008001bb0        0x6 ./Core/Src/stm32h7xx_it.o
                0x0000000008001bb0                UsageFault_Handler
 .text.SVC_Handler
                0x0000000008001bb6        0xe ./Core/Src/stm32h7xx_it.o
                0x0000000008001bb6                SVC_Handler
 .text.DebugMon_Handler
                0x0000000008001bc4        0xe ./Core/Src/stm32h7xx_it.o
                0x0000000008001bc4                DebugMon_Handler
 .text.PendSV_Handler
                0x0000000008001bd2        0xe ./Core/Src/stm32h7xx_it.o
                0x0000000008001bd2                PendSV_Handler
 .text.SysTick_Handler
                0x0000000008001be0        0xc ./Core/Src/stm32h7xx_it.o
                0x0000000008001be0                SysTick_Handler
 .text.TIM2_IRQHandler
                0x0000000008001bec       0x14 ./Core/Src/stm32h7xx_it.o
                0x0000000008001bec                TIM2_IRQHandler
 .text.TIM3_IRQHandler
                0x0000000008001c00       0x14 ./Core/Src/stm32h7xx_it.o
                0x0000000008001c00                TIM3_IRQHandler
 .text.TIM4_IRQHandler
                0x0000000008001c14       0x14 ./Core/Src/stm32h7xx_it.o
                0x0000000008001c14                TIM4_IRQHandler
 .text.TIM5_IRQHandler
                0x0000000008001c28       0x14 ./Core/Src/stm32h7xx_it.o
                0x0000000008001c28                TIM5_IRQHandler
 .text.TIM6_DAC_IRQHandler
                0x0000000008001c3c       0x14 ./Core/Src/stm32h7xx_it.o
                0x0000000008001c3c                TIM6_DAC_IRQHandler
 .text.TIM15_IRQHandler
                0x0000000008001c50       0x14 ./Core/Src/stm32h7xx_it.o
                0x0000000008001c50                TIM15_IRQHandler
 .text.SystemInit
                0x0000000008001c64       0xf0 ./Core/Src/system_stm32h7xx.o
                0x0000000008001c64                SystemInit
 .text.Reset_Handler
                0x0000000008001d54       0x50 ./Core/Startup/startup_stm32h723zgtx.o
                0x0000000008001d54                Reset_Handler
 .text.Default_Handler
                0x0000000008001da4        0x2 ./Core/Startup/startup_stm32h723zgtx.o
                0x0000000008001da4                RTC_Alarm_IRQHandler
                0x0000000008001da4                EXTI2_IRQHandler
                0x0000000008001da4                TIM8_CC_IRQHandler
                0x0000000008001da4                UART8_IRQHandler
                0x0000000008001da4                SPI4_IRQHandler
                0x0000000008001da4                FDCAN3_IT0_IRQHandler
                0x0000000008001da4                TIM1_CC_IRQHandler
                0x0000000008001da4                BDMA_Channel6_IRQHandler
                0x0000000008001da4                DMA2_Stream5_IRQHandler
                0x0000000008001da4                DMA1_Stream5_IRQHandler
                0x0000000008001da4                CORDIC_IRQHandler
                0x0000000008001da4                BDMA_Channel1_IRQHandler
                0x0000000008001da4                TAMP_STAMP_IRQHandler
                0x0000000008001da4                EXTI3_IRQHandler
                0x0000000008001da4                LPTIM4_IRQHandler
                0x0000000008001da4                TIM8_TRG_COM_TIM14_IRQHandler
                0x0000000008001da4                LPTIM2_IRQHandler
                0x0000000008001da4                DFSDM1_FLT1_IRQHandler
                0x0000000008001da4                DMAMUX2_OVR_IRQHandler
                0x0000000008001da4                TIM8_UP_TIM13_IRQHandler
                0x0000000008001da4                I2C3_ER_IRQHandler
                0x0000000008001da4                DFSDM1_FLT2_IRQHandler
                0x0000000008001da4                I2C5_EV_IRQHandler
                0x0000000008001da4                USART10_IRQHandler
                0x0000000008001da4                MDMA_IRQHandler
                0x0000000008001da4                LPTIM3_IRQHandler
                0x0000000008001da4                HSEM1_IRQHandler
                0x0000000008001da4                EXTI0_IRQHandler
                0x0000000008001da4                I2C2_EV_IRQHandler
                0x0000000008001da4                DMA1_Stream2_IRQHandler
                0x0000000008001da4                FPU_IRQHandler
                0x0000000008001da4                OTG_HS_WKUP_IRQHandler
                0x0000000008001da4                FDCAN1_IT1_IRQHandler
                0x0000000008001da4                LTDC_ER_IRQHandler
                0x0000000008001da4                DMA2_Stream2_IRQHandler
                0x0000000008001da4                SPI1_IRQHandler
                0x0000000008001da4                OCTOSPI1_IRQHandler
                0x0000000008001da4                DMA2_Stream3_IRQHandler
                0x0000000008001da4                OCTOSPI2_IRQHandler
                0x0000000008001da4                DFSDM1_FLT3_IRQHandler
                0x0000000008001da4                TIM23_IRQHandler
                0x0000000008001da4                USART6_IRQHandler
                0x0000000008001da4                TIM17_IRQHandler
                0x0000000008001da4                USART3_IRQHandler
                0x0000000008001da4                BDMA_Channel7_IRQHandler
                0x0000000008001da4                LPTIM5_IRQHandler
                0x0000000008001da4                UART5_IRQHandler
                0x0000000008001da4                ADC3_IRQHandler
                0x0000000008001da4                DMA2_Stream0_IRQHandler
                0x0000000008001da4                BDMA_Channel2_IRQHandler
                0x0000000008001da4                I2C1_EV_IRQHandler
                0x0000000008001da4                DMA1_Stream6_IRQHandler
                0x0000000008001da4                DMAMUX1_OVR_IRQHandler
                0x0000000008001da4                DMA1_Stream1_IRQHandler
                0x0000000008001da4                TIM16_IRQHandler
                0x0000000008001da4                UART4_IRQHandler
                0x0000000008001da4                BDMA_Channel5_IRQHandler
                0x0000000008001da4                RCC_IRQHandler
                0x0000000008001da4                UART9_IRQHandler
                0x0000000008001da4                TIM8_BRK_TIM12_IRQHandler
                0x0000000008001da4                TIM1_TRG_COM_IRQHandler
                0x0000000008001da4                Default_Handler
                0x0000000008001da4                ECC_IRQHandler
                0x0000000008001da4                FMAC_IRQHandler
                0x0000000008001da4                CEC_IRQHandler
                0x0000000008001da4                EXTI15_10_IRQHandler
                0x0000000008001da4                BDMA_Channel0_IRQHandler
                0x0000000008001da4                ADC_IRQHandler
                0x0000000008001da4                I2C5_ER_IRQHandler
                0x0000000008001da4                DMA1_Stream7_IRQHandler
                0x0000000008001da4                SPI5_IRQHandler
                0x0000000008001da4                TIM7_IRQHandler
                0x0000000008001da4                FDCAN3_IT1_IRQHandler
                0x0000000008001da4                SDMMC1_IRQHandler
                0x0000000008001da4                DMA2_Stream7_IRQHandler
                0x0000000008001da4                PVD_AVD_IRQHandler
                0x0000000008001da4                I2C3_EV_IRQHandler
                0x0000000008001da4                EXTI9_5_IRQHandler
                0x0000000008001da4                RTC_WKUP_IRQHandler
                0x0000000008001da4                LTDC_IRQHandler
                0x0000000008001da4                ETH_WKUP_IRQHandler
                0x0000000008001da4                SPDIF_RX_IRQHandler
                0x0000000008001da4                SPI2_IRQHandler
                0x0000000008001da4                OTG_HS_EP1_IN_IRQHandler
                0x0000000008001da4                DMA1_Stream0_IRQHandler
                0x0000000008001da4                TIM24_IRQHandler
                0x0000000008001da4                CRS_IRQHandler
                0x0000000008001da4                EXTI4_IRQHandler
                0x0000000008001da4                RNG_IRQHandler
                0x0000000008001da4                FDCAN2_IT1_IRQHandler
                0x0000000008001da4                ETH_IRQHandler
                0x0000000008001da4                TIM1_UP_IRQHandler
                0x0000000008001da4                BDMA_Channel4_IRQHandler
                0x0000000008001da4                OTG_HS_EP1_OUT_IRQHandler
                0x0000000008001da4                WWDG_IRQHandler
                0x0000000008001da4                SPI6_IRQHandler
                0x0000000008001da4                MDIOS_IRQHandler
                0x0000000008001da4                I2C4_EV_IRQHandler
                0x0000000008001da4                FDCAN2_IT0_IRQHandler
                0x0000000008001da4                LPUART1_IRQHandler
                0x0000000008001da4                FDCAN1_IT0_IRQHandler
                0x0000000008001da4                OTG_HS_IRQHandler
                0x0000000008001da4                DMA2D_IRQHandler
                0x0000000008001da4                TIM1_BRK_IRQHandler
                0x0000000008001da4                EXTI1_IRQHandler
                0x0000000008001da4                SDMMC2_IRQHandler
                0x0000000008001da4                BDMA_Channel3_IRQHandler
                0x0000000008001da4                DTS_IRQHandler
                0x0000000008001da4                UART7_IRQHandler
                0x0000000008001da4                MDIOS_WKUP_IRQHandler
                0x0000000008001da4                USART2_IRQHandler
                0x0000000008001da4                DFSDM1_FLT0_IRQHandler
                0x0000000008001da4                SAI4_IRQHandler
                0x0000000008001da4                I2C2_ER_IRQHandler
                0x0000000008001da4                DMA2_Stream1_IRQHandler
                0x0000000008001da4                FLASH_IRQHandler
                0x0000000008001da4                DMA2_Stream4_IRQHandler
                0x0000000008001da4                USART1_IRQHandler
                0x0000000008001da4                SPI3_IRQHandler
                0x0000000008001da4                WAKEUP_PIN_IRQHandler
                0x0000000008001da4                DMA1_Stream4_IRQHandler
                0x0000000008001da4                I2C1_ER_IRQHandler
                0x0000000008001da4                FMC_IRQHandler
                0x0000000008001da4                FDCAN_CAL_IRQHandler
                0x0000000008001da4                SWPMI1_IRQHandler
                0x0000000008001da4                COMP1_IRQHandler
                0x0000000008001da4                LPTIM1_IRQHandler
                0x0000000008001da4                DCMI_PSSI_IRQHandler
                0x0000000008001da4                I2C4_ER_IRQHandler
                0x0000000008001da4                DMA2_Stream6_IRQHandler
                0x0000000008001da4                SAI1_IRQHandler
                0x0000000008001da4                DMA1_Stream3_IRQHandler
 *fill*         0x0000000008001da6        0x2 
 .text.HAL_Init
                0x0000000008001da8       0x78 ./Drivers/STM32H7xx_HAL_Driver/Src/stm32h7xx_hal.o
                0x0000000008001da8                HAL_Init
 .text.HAL_InitTick
                0x0000000008001e20       0x6c ./Drivers/STM32H7xx_HAL_Driver/Src/stm32h7xx_hal.o
                0x0000000008001e20                HAL_InitTick
 .text.HAL_IncTick
                0x0000000008001e8c       0x28 ./Drivers/STM32H7xx_HAL_Driver/Src/stm32h7xx_hal.o
                0x0000000008001e8c                HAL_IncTick
 .text.HAL_GetTick
                0x0000000008001eb4       0x18 ./Drivers/STM32H7xx_HAL_Driver/Src/stm32h7xx_hal.o
                0x0000000008001eb4                HAL_GetTick
 .text.__NVIC_SetPriorityGrouping
                0x0000000008001ecc       0x48 ./Drivers/STM32H7xx_HAL_Driver/Src/stm32h7xx_hal_cortex.o
 .text.__NVIC_GetPriorityGrouping
                0x0000000008001f14       0x1c ./Drivers/STM32H7xx_HAL_Driver/Src/stm32h7xx_hal_cortex.o
 .text.__NVIC_EnableIRQ
                0x0000000008001f30       0x3c ./Drivers/STM32H7xx_HAL_Driver/Src/stm32h7xx_hal_cortex.o
 .text.__NVIC_SetPriority
                0x0000000008001f6c       0x54 ./Drivers/STM32H7xx_HAL_Driver/Src/stm32h7xx_hal_cortex.o
 .text.NVIC_EncodePriority
                0x0000000008001fc0       0x66 ./Drivers/STM32H7xx_HAL_Driver/Src/stm32h7xx_hal_cortex.o
 *fill*         0x0000000008002026        0x2 
 .text.SysTick_Config
                0x0000000008002028       0x44 ./Drivers/STM32H7xx_HAL_Driver/Src/stm32h7xx_hal_cortex.o
 .text.HAL_NVIC_SetPriorityGrouping
                0x000000000800206c       0x16 ./Drivers/STM32H7xx_HAL_Driver/Src/stm32h7xx_hal_cortex.o
                0x000000000800206c                HAL_NVIC_SetPriorityGrouping
 .text.HAL_NVIC_SetPriority
                0x0000000008002082       0x34 ./Drivers/STM32H7xx_HAL_Driver/Src/stm32h7xx_hal_cortex.o
                0x0000000008002082                HAL_NVIC_SetPriority
 .text.HAL_NVIC_EnableIRQ
                0x00000000080020b6       0x1c ./Drivers/STM32H7xx_HAL_Driver/Src/stm32h7xx_hal_cortex.o
                0x00000000080020b6                HAL_NVIC_EnableIRQ
 .text.HAL_SYSTICK_Config
                0x00000000080020d2       0x18 ./Drivers/STM32H7xx_HAL_Driver/Src/stm32h7xx_hal_cortex.o
                0x00000000080020d2                HAL_SYSTICK_Config
 *fill*         0x00000000080020ea        0x2 
 .text.HAL_GPIO_Init
                0x00000000080020ec      0x350 ./Drivers/STM32H7xx_HAL_Driver/Src/stm32h7xx_hal_gpio.o
                0x00000000080020ec                HAL_GPIO_Init
 .text.HAL_GPIO_WritePin
                0x000000000800243c       0x32 ./Drivers/STM32H7xx_HAL_Driver/Src/stm32h7xx_hal_gpio.o
                0x000000000800243c                HAL_GPIO_WritePin
 *fill*         0x000000000800246e        0x2 
 .text.HAL_PWREx_ConfigSupply
                0x0000000008002470       0x74 ./Drivers/STM32H7xx_HAL_Driver/Src/stm32h7xx_hal_pwr_ex.o
                0x0000000008002470                HAL_PWREx_ConfigSupply
 .text.HAL_RCC_OscConfig
                0x00000000080024e4      0x75c ./Drivers/STM32H7xx_HAL_Driver/Src/stm32h7xx_hal_rcc.o
                0x00000000080024e4                HAL_RCC_OscConfig
 .text.HAL_RCC_ClockConfig
                0x0000000008002c40      0x36c ./Drivers/STM32H7xx_HAL_Driver/Src/stm32h7xx_hal_rcc.o
                0x0000000008002c40                HAL_RCC_ClockConfig
 .text.HAL_RCC_GetSysClockFreq
                0x0000000008002fac      0x2f4 ./Drivers/STM32H7xx_HAL_Driver/Src/stm32h7xx_hal_rcc.o
                0x0000000008002fac                HAL_RCC_GetSysClockFreq
 .text.HAL_TIM_Base_Init
                0x00000000080032a0       0xae ./Drivers/STM32H7xx_HAL_Driver/Src/stm32h7xx_hal_tim.o
                0x00000000080032a0                HAL_TIM_Base_Init
 *fill*         0x000000000800334e        0x2 
 .text.HAL_TIM_Base_Start_IT
                0x0000000008003350      0x10c ./Drivers/STM32H7xx_HAL_Driver/Src/stm32h7xx_hal_tim.o
                0x0000000008003350                HAL_TIM_Base_Start_IT
 .text.HAL_TIM_PWM_Init
                0x000000000800345c       0xae ./Drivers/STM32H7xx_HAL_Driver/Src/stm32h7xx_hal_tim.o
                0x000000000800345c                HAL_TIM_PWM_Init
 *fill*         0x000000000800350a        0x2 
 .text.HAL_TIM_PWM_Start
                0x000000000800350c      0x238 ./Drivers/STM32H7xx_HAL_Driver/Src/stm32h7xx_hal_tim.o
                0x000000000800350c                HAL_TIM_PWM_Start
 .text.HAL_TIM_Encoder_Init
                0x0000000008003744      0x14c ./Drivers/STM32H7xx_HAL_Driver/Src/stm32h7xx_hal_tim.o
                0x0000000008003744                HAL_TIM_Encoder_Init
 .text.HAL_TIM_Encoder_Start
                0x0000000008003890      0x11c ./Drivers/STM32H7xx_HAL_Driver/Src/stm32h7xx_hal_tim.o
                0x0000000008003890                HAL_TIM_Encoder_Start
 .text.HAL_TIM_IRQHandler
                0x00000000080039ac      0x23e ./Drivers/STM32H7xx_HAL_Driver/Src/stm32h7xx_hal_tim.o
                0x00000000080039ac                HAL_TIM_IRQHandler
 *fill*         0x0000000008003bea        0x2 
 .text.HAL_TIM_PWM_ConfigChannel
                0x0000000008003bec      0x228 ./Drivers/STM32H7xx_HAL_Driver/Src/stm32h7xx_hal_tim.o
                0x0000000008003bec                HAL_TIM_PWM_ConfigChannel
 .text.HAL_TIM_OC_DelayElapsedCallback
                0x0000000008003e14       0x14 ./Drivers/STM32H7xx_HAL_Driver/Src/stm32h7xx_hal_tim.o
                0x0000000008003e14                HAL_TIM_OC_DelayElapsedCallback
 .text.HAL_TIM_IC_CaptureCallback
                0x0000000008003e28       0x14 ./Drivers/STM32H7xx_HAL_Driver/Src/stm32h7xx_hal_tim.o
                0x0000000008003e28                HAL_TIM_IC_CaptureCallback
 .text.HAL_TIM_PWM_PulseFinishedCallback
                0x0000000008003e3c       0x14 ./Drivers/STM32H7xx_HAL_Driver/Src/stm32h7xx_hal_tim.o
                0x0000000008003e3c                HAL_TIM_PWM_PulseFinishedCallback
 .text.HAL_TIM_TriggerCallback
                0x0000000008003e50       0x14 ./Drivers/STM32H7xx_HAL_Driver/Src/stm32h7xx_hal_tim.o
                0x0000000008003e50                HAL_TIM_TriggerCallback
 .text.TIM_Base_SetConfig
                0x0000000008003e64      0x14c ./Drivers/STM32H7xx_HAL_Driver/Src/stm32h7xx_hal_tim.o
                0x0000000008003e64                TIM_Base_SetConfig
 .text.TIM_OC1_SetConfig
                0x0000000008003fb0      0x120 ./Drivers/STM32H7xx_HAL_Driver/Src/stm32h7xx_hal_tim.o
 .text.TIM_OC2_SetConfig
                0x00000000080040d0      0x114 ./Drivers/STM32H7xx_HAL_Driver/Src/stm32h7xx_hal_tim.o
                0x00000000080040d0                TIM_OC2_SetConfig
 .text.TIM_OC3_SetConfig
                0x00000000080041e4      0x110 ./Drivers/STM32H7xx_HAL_Driver/Src/stm32h7xx_hal_tim.o
 .text.TIM_OC4_SetConfig
                0x00000000080042f4       0xd4 ./Drivers/STM32H7xx_HAL_Driver/Src/stm32h7xx_hal_tim.o
 .text.TIM_OC5_SetConfig
                0x00000000080043c8       0xc8 ./Drivers/STM32H7xx_HAL_Driver/Src/stm32h7xx_hal_tim.o
 .text.TIM_OC6_SetConfig
                0x0000000008004490       0xcc ./Drivers/STM32H7xx_HAL_Driver/Src/stm32h7xx_hal_tim.o
 .text.TIM_CCxChannelCmd
                0x000000000800455c       0x4a ./Drivers/STM32H7xx_HAL_Driver/Src/stm32h7xx_hal_tim.o
                0x000000000800455c                TIM_CCxChannelCmd
 *fill*         0x00000000080045a6        0x2 
 .text.HAL_TIMEx_MasterConfigSynchronization
                0x00000000080045a8      0x138 ./Drivers/STM32H7xx_HAL_Driver/Src/stm32h7xx_hal_tim_ex.o
                0x00000000080045a8                HAL_TIMEx_MasterConfigSynchronization
 .text.HAL_TIMEx_ConfigBreakDeadTime
                0x00000000080046e0      0x140 ./Drivers/STM32H7xx_HAL_Driver/Src/stm32h7xx_hal_tim_ex.o
                0x00000000080046e0                HAL_TIMEx_ConfigBreakDeadTime
 .text.HAL_TIMEx_CommutCallback
                0x0000000008004820       0x14 ./Drivers/STM32H7xx_HAL_Driver/Src/stm32h7xx_hal_tim_ex.o
                0x0000000008004820                HAL_TIMEx_CommutCallback
 .text.HAL_TIMEx_BreakCallback
                0x0000000008004834       0x14 ./Drivers/STM32H7xx_HAL_Driver/Src/stm32h7xx_hal_tim_ex.o
                0x0000000008004834                HAL_TIMEx_BreakCallback
 .text.HAL_TIMEx_Break2Callback
                0x0000000008004848       0x14 ./Drivers/STM32H7xx_HAL_Driver/Src/stm32h7xx_hal_tim_ex.o
                0x0000000008004848                HAL_TIMEx_Break2Callback
 .text.__libc_init_array
                0x000000000800485c       0x48 c:/st/stm32cubeide_1.10.1/stm32cubeide/plugins/com.st.stm32cube.ide.mcu.externaltools.gnu-tools-for-stm32.10.3-2021.10.win32_1.0.0.202111181127/tools/bin/../lib/gcc/arm-none-eabi/10.3.1/../../../../arm-none-eabi/lib/thumb/v7e-m+dp/hard\libc_nano.a(lib_a-init.o)
                0x000000000800485c                __libc_init_array
 .text.memset   0x00000000080048a4       0x10 c:/st/stm32cubeide_1.10.1/stm32cubeide/plugins/com.st.stm32cube.ide.mcu.externaltools.gnu-tools-for-stm32.10.3-2021.10.win32_1.0.0.202111181127/tools/bin/../lib/gcc/arm-none-eabi/10.3.1/../../../../arm-none-eabi/lib/thumb/v7e-m+dp/hard\libc_nano.a(lib_a-memset.o)
                0x00000000080048a4                memset
 *(.glue_7)
 .glue_7        0x00000000080048b4        0x0 linker stubs
 *(.glue_7t)
 .glue_7t       0x00000000080048b4        0x0 linker stubs
 *(.eh_frame)
 .eh_frame      0x00000000080048b4        0x0 c:/st/stm32cubeide_1.10.1/stm32cubeide/plugins/com.st.stm32cube.ide.mcu.externaltools.gnu-tools-for-stm32.10.3-2021.10.win32_1.0.0.202111181127/tools/bin/../lib/gcc/arm-none-eabi/10.3.1/thumb/v7e-m+dp/hard/crtbegin.o
 *(.init)
 .init          0x00000000080048b4        0x4 c:/st/stm32cubeide_1.10.1/stm32cubeide/plugins/com.st.stm32cube.ide.mcu.externaltools.gnu-tools-for-stm32.10.3-2021.10.win32_1.0.0.202111181127/tools/bin/../lib/gcc/arm-none-eabi/10.3.1/thumb/v7e-m+dp/hard/crti.o
                0x00000000080048b4                _init
 .init          0x00000000080048b8        0x8 c:/st/stm32cubeide_1.10.1/stm32cubeide/plugins/com.st.stm32cube.ide.mcu.externaltools.gnu-tools-for-stm32.10.3-2021.10.win32_1.0.0.202111181127/tools/bin/../lib/gcc/arm-none-eabi/10.3.1/thumb/v7e-m+dp/hard/crtn.o
 *(.fini)
 .fini          0x00000000080048c0        0x4 c:/st/stm32cubeide_1.10.1/stm32cubeide/plugins/com.st.stm32cube.ide.mcu.externaltools.gnu-tools-for-stm32.10.3-2021.10.win32_1.0.0.202111181127/tools/bin/../lib/gcc/arm-none-eabi/10.3.1/thumb/v7e-m+dp/hard/crti.o
                0x00000000080048c0                _fini
 .fini          0x00000000080048c4        0x8 c:/st/stm32cubeide_1.10.1/stm32cubeide/plugins/com.st.stm32cube.ide.mcu.externaltools.gnu-tools-for-stm32.10.3-2021.10.win32_1.0.0.202111181127/tools/bin/../lib/gcc/arm-none-eabi/10.3.1/thumb/v7e-m+dp/hard/crtn.o
                0x00000000080048cc                . = ALIGN (0x4)
                0x00000000080048cc                _etext = .

.vfp11_veneer   0x00000000080048cc        0x0
 .vfp11_veneer  0x00000000080048cc        0x0 linker stubs

.v4_bx          0x00000000080048cc        0x0
 .v4_bx         0x00000000080048cc        0x0 linker stubs

.iplt           0x00000000080048cc        0x0
 .iplt          0x00000000080048cc        0x0 c:/st/stm32cubeide_1.10.1/stm32cubeide/plugins/com.st.stm32cube.ide.mcu.externaltools.gnu-tools-for-stm32.10.3-2021.10.win32_1.0.0.202111181127/tools/bin/../lib/gcc/arm-none-eabi/10.3.1/thumb/v7e-m+dp/hard/crtbegin.o

.rodata         0x00000000080048cc       0x10
                0x00000000080048cc                . = ALIGN (0x4)
 *(.rodata)
 *(.rodata*)
 .rodata.D1CorePrescTable
                0x00000000080048cc       0x10 ./Core/Src/system_stm32h7xx.o
                0x00000000080048cc                D1CorePrescTable
                0x00000000080048dc                . = ALIGN (0x4)

.rel.dyn        0x00000000080048dc        0x0
 .rel.iplt      0x00000000080048dc        0x0 c:/st/stm32cubeide_1.10.1/stm32cubeide/plugins/com.st.stm32cube.ide.mcu.externaltools.gnu-tools-for-stm32.10.3-2021.10.win32_1.0.0.202111181127/tools/bin/../lib/gcc/arm-none-eabi/10.3.1/thumb/v7e-m+dp/hard/crtbegin.o

.ARM.extab
 *(.ARM.extab* .gnu.linkonce.armextab.*)

.ARM            0x00000000080048dc        0x0
                0x00000000080048dc                __exidx_start = .
 *(.ARM.exidx*)
                0x00000000080048dc                __exidx_end = .

.preinit_array  0x00000000080048dc        0x0
                0x00000000080048dc                PROVIDE (__preinit_array_start = .)
 *(.preinit_array*)
                0x00000000080048dc                PROVIDE (__preinit_array_end = .)

.init_array     0x00000000080048dc        0xc
                0x00000000080048dc                PROVIDE (__init_array_start = .)
 *(SORT_BY_NAME(.init_array.*))
 *(.init_array*)
 .init_array    0x00000000080048dc        0x4 c:/st/stm32cubeide_1.10.1/stm32cubeide/plugins/com.st.stm32cube.ide.mcu.externaltools.gnu-tools-for-stm32.10.3-2021.10.win32_1.0.0.202111181127/tools/bin/../lib/gcc/arm-none-eabi/10.3.1/thumb/v7e-m+dp/hard/crtbegin.o
 .init_array    0x00000000080048e0        0x4 ./Core/Src/main.o
 .init_array    0x00000000080048e4        0x4 ./Core/Src/motor_controller.o
                0x00000000080048e8                PROVIDE (__init_array_end = .)

.fini_array     0x00000000080048e8        0x4
                [!provide]                        PROVIDE (__fini_array_start = .)
 *(SORT_BY_NAME(.fini_array.*))
 *(.fini_array*)
 .fini_array    0x00000000080048e8        0x4 c:/st/stm32cubeide_1.10.1/stm32cubeide/plugins/com.st.stm32cube.ide.mcu.externaltools.gnu-tools-for-stm32.10.3-2021.10.win32_1.0.0.202111181127/tools/bin/../lib/gcc/arm-none-eabi/10.3.1/thumb/v7e-m+dp/hard/crtbegin.o
                [!provide]                        PROVIDE (__fini_array_end = .)
                0x00000000080048ec                _sidata = LOADADDR (.data)

.data           0x0000000024000000       0x50 load address 0x00000000080048ec
                0x0000000024000000                . = ALIGN (0x4)
                0x0000000024000000                _sdata = .
 *(.data)
 *(.data*)
 .data.direction
                0x0000000024000000       0x10 ./Core/Src/diff_chassis.o
                0x0000000024000000                direction
 .data.dt       0x0000000024000010        0x4 ./Core/Src/main.o
                0x0000000024000010                dt
 .data.kp       0x0000000024000014       0x10 ./Core/Src/main.o
                0x0000000024000014                kp
 .data.ki       0x0000000024000024       0x10 ./Core/Src/main.o
                0x0000000024000024                ki
 *fill*         0x0000000024000034        0x4 
 .data.WheelRadius
                0x0000000024000038        0x8 ./Core/Src/motor_controller.o
                0x0000000024000038                WheelRadius
 .data.SystemCoreClock
                0x0000000024000040        0x4 ./Core/Src/system_stm32h7xx.o
                0x0000000024000040                SystemCoreClock
 .data.SystemD2Clock
                0x0000000024000044        0x4 ./Core/Src/system_stm32h7xx.o
                0x0000000024000044                SystemD2Clock
 .data.uwTickPrio
                0x0000000024000048        0x4 ./Drivers/STM32H7xx_HAL_Driver/Src/stm32h7xx_hal.o
                0x0000000024000048                uwTickPrio
 .data.uwTickFreq
                0x000000002400004c        0x1 ./Drivers/STM32H7xx_HAL_Driver/Src/stm32h7xx_hal.o
                0x000000002400004c                uwTickFreq
 *(.RamFunc)
 *(.RamFunc*)
                0x0000000024000050                . = ALIGN (0x4)
 *fill*         0x000000002400004d        0x3 
                0x0000000024000050                _edata = .

.igot.plt       0x0000000024000050        0x0 load address 0x000000000800493c
 .igot.plt      0x0000000024000050        0x0 c:/st/stm32cubeide_1.10.1/stm32cubeide/plugins/com.st.stm32cube.ide.mcu.externaltools.gnu-tools-for-stm32.10.3-2021.10.win32_1.0.0.202111181127/tools/bin/../lib/gcc/arm-none-eabi/10.3.1/thumb/v7e-m+dp/hard/crtbegin.o
                0x0000000024000050                . = ALIGN (0x4)

.bss            0x0000000024000050      0x344 load address 0x000000000800493c
                0x0000000024000050                _sbss = .
                0x0000000024000050                __bss_start__ = _sbss
 *(.bss)
 .bss           0x0000000024000050       0x1c c:/st/stm32cubeide_1.10.1/stm32cubeide/plugins/com.st.stm32cube.ide.mcu.externaltools.gnu-tools-for-stm32.10.3-2021.10.win32_1.0.0.202111181127/tools/bin/../lib/gcc/arm-none-eabi/10.3.1/thumb/v7e-m+dp/hard/crtbegin.o
 *(.bss*)
 .bss.htim2     0x000000002400006c       0x4c ./Core/Src/main.o
                0x000000002400006c                htim2
 .bss.htim3     0x00000000240000b8       0x4c ./Core/Src/main.o
                0x00000000240000b8                htim3
 .bss.htim4     0x0000000024000104       0x4c ./Core/Src/main.o
                0x0000000024000104                htim4
 .bss.htim5     0x0000000024000150       0x4c ./Core/Src/main.o
                0x0000000024000150                htim5
 .bss.htim6     0x000000002400019c       0x4c ./Core/Src/main.o
                0x000000002400019c                htim6
 .bss.htim15    0x00000000240001e8       0x4c ./Core/Src/main.o
                0x00000000240001e8                htim15
 *fill*         0x0000000024000234        0x4 
 .bss.diff      0x0000000024000238       0x90 ./Core/Src/main.o
                0x0000000024000238                diff
 .bss.t         0x00000000240002c8        0x4 ./Core/Src/main.o
                0x00000000240002c8                t
 *fill*         0x00000000240002cc        0x4 
 .bss.car_goal  0x00000000240002d0       0x18 ./Core/Src/main.o
                0x00000000240002d0                car_goal
 .bss.info      0x00000000240002e8       0x18 ./Core/Src/main.o
                0x00000000240002e8                info
 .bss.location  0x0000000024000300       0x18 ./Core/Src/main.o
                0x0000000024000300                location
 .bss.motor_goal
                0x0000000024000318       0x20 ./Core/Src/main.o
                0x0000000024000318                motor_goal
 .bss.measured_speed
                0x0000000024000338       0x20 ./Core/Src/main.o
                0x0000000024000338                measured_speed
 .bss.ROUND     0x0000000024000358        0x8 ./Core/Src/motor_controller.o
                0x0000000024000358                ROUND
 .bss.CONST_FOR_MOTOR
                0x0000000024000360       0x20 ./Core/Src/motor_controller.o
                0x0000000024000360                CONST_FOR_MOTOR
 .bss.i         0x0000000024000380       0x10 ./Core/Src/pi_controller.o
                0x0000000024000380                i
 .bss.uwTick    0x0000000024000390        0x4 ./Drivers/STM32H7xx_HAL_Driver/Src/stm32h7xx_hal.o
                0x0000000024000390                uwTick
 *(COMMON)
                0x0000000024000394                . = ALIGN (0x4)
                0x0000000024000394                _ebss = .
                0x0000000024000394                __bss_end__ = _ebss

._user_heap_stack
                0x0000000024000394      0x604 load address 0x000000000800493c
                0x0000000024000398                . = ALIGN (0x8)
 *fill*         0x0000000024000394        0x4 
                [!provide]                        PROVIDE (end = .)
                0x0000000024000398                PROVIDE (_end = .)
                0x0000000024000598                . = (. + _Min_Heap_Size)
 *fill*         0x0000000024000398      0x200 
                0x0000000024000998                . = (. + _Min_Stack_Size)
 *fill*         0x0000000024000598      0x400 
                0x0000000024000998                . = ALIGN (0x8)

/DISCARD/
 libc.a(*)
 libm.a(*)
 libgcc.a(*)

.ARM.attributes
                0x0000000000000000       0x2e
 *(.ARM.attributes)
 .ARM.attributes
                0x0000000000000000       0x1e c:/st/stm32cubeide_1.10.1/stm32cubeide/plugins/com.st.stm32cube.ide.mcu.externaltools.gnu-tools-for-stm32.10.3-2021.10.win32_1.0.0.202111181127/tools/bin/../lib/gcc/arm-none-eabi/10.3.1/thumb/v7e-m+dp/hard/crti.o
 .ARM.attributes
                0x000000000000001e       0x32 c:/st/stm32cubeide_1.10.1/stm32cubeide/plugins/com.st.stm32cube.ide.mcu.externaltools.gnu-tools-for-stm32.10.3-2021.10.win32_1.0.0.202111181127/tools/bin/../lib/gcc/arm-none-eabi/10.3.1/thumb/v7e-m+dp/hard/crtbegin.o
 .ARM.attributes
                0x0000000000000050       0x32 ./Core/Src/diff_chassis.o
 .ARM.attributes
                0x0000000000000082       0x32 ./Core/Src/main.o
 .ARM.attributes
                0x00000000000000b4       0x32 ./Core/Src/motor_controller.o
 .ARM.attributes
                0x00000000000000e6       0x32 ./Core/Src/pi_controller.o
 .ARM.attributes
                0x0000000000000118       0x32 ./Core/Src/stm32h7xx_hal_msp.o
 .ARM.attributes
                0x000000000000014a       0x32 ./Core/Src/stm32h7xx_it.o
 .ARM.attributes
                0x000000000000017c       0x32 ./Core/Src/system_stm32h7xx.o
 .ARM.attributes
                0x00000000000001ae       0x21 ./Core/Startup/startup_stm32h723zgtx.o
 .ARM.attributes
                0x00000000000001cf       0x32 ./Drivers/STM32H7xx_HAL_Driver/Src/stm32h7xx_hal.o
 .ARM.attributes
                0x0000000000000201       0x32 ./Drivers/STM32H7xx_HAL_Driver/Src/stm32h7xx_hal_cortex.o
 .ARM.attributes
                0x0000000000000233       0x32 ./Drivers/STM32H7xx_HAL_Driver/Src/stm32h7xx_hal_gpio.o
 .ARM.attributes
                0x0000000000000265       0x32 ./Drivers/STM32H7xx_HAL_Driver/Src/stm32h7xx_hal_pwr_ex.o
 .ARM.attributes
                0x0000000000000297       0x32 ./Drivers/STM32H7xx_HAL_Driver/Src/stm32h7xx_hal_rcc.o
 .ARM.attributes
                0x00000000000002c9       0x32 ./Drivers/STM32H7xx_HAL_Driver/Src/stm32h7xx_hal_tim.o
 .ARM.attributes
                0x00000000000002fb       0x32 ./Drivers/STM32H7xx_HAL_Driver/Src/stm32h7xx_hal_tim_ex.o
 .ARM.attributes
                0x000000000000032d       0x32 c:/st/stm32cubeide_1.10.1/stm32cubeide/plugins/com.st.stm32cube.ide.mcu.externaltools.gnu-tools-for-stm32.10.3-2021.10.win32_1.0.0.202111181127/tools/bin/../lib/gcc/arm-none-eabi/10.3.1/../../../../arm-none-eabi/lib/thumb/v7e-m+dp/hard\libc_nano.a(lib_a-init.o)
 .ARM.attributes
                0x000000000000035f       0x32 c:/st/stm32cubeide_1.10.1/stm32cubeide/plugins/com.st.stm32cube.ide.mcu.externaltools.gnu-tools-for-stm32.10.3-2021.10.win32_1.0.0.202111181127/tools/bin/../lib/gcc/arm-none-eabi/10.3.1/../../../../arm-none-eabi/lib/thumb/v7e-m+dp/hard\libc_nano.a(lib_a-memset.o)
 .ARM.attributes
                0x0000000000000391       0x1e c:/st/stm32cubeide_1.10.1/stm32cubeide/plugins/com.st.stm32cube.ide.mcu.externaltools.gnu-tools-for-stm32.10.3-2021.10.win32_1.0.0.202111181127/tools/bin/../lib/gcc/arm-none-eabi/10.3.1/thumb/v7e-m+dp/hard/crtn.o
OUTPUT(Project0802.elf elf32-littlearm)
LOAD linker stubs
LOAD c:/st/stm32cubeide_1.10.1/stm32cubeide/plugins/com.st.stm32cube.ide.mcu.externaltools.gnu-tools-for-stm32.10.3-2021.10.win32_1.0.0.202111181127/tools/bin/../lib/gcc/arm-none-eabi/10.3.1/../../../../arm-none-eabi/lib/thumb/v7e-m+dp/hard\libc.a
LOAD c:/st/stm32cubeide_1.10.1/stm32cubeide/plugins/com.st.stm32cube.ide.mcu.externaltools.gnu-tools-for-stm32.10.3-2021.10.win32_1.0.0.202111181127/tools/bin/../lib/gcc/arm-none-eabi/10.3.1/../../../../arm-none-eabi/lib/thumb/v7e-m+dp/hard\libm.a
LOAD c:/st/stm32cubeide_1.10.1/stm32cubeide/plugins/com.st.stm32cube.ide.mcu.externaltools.gnu-tools-for-stm32.10.3-2021.10.win32_1.0.0.202111181127/tools/bin/../lib/gcc/arm-none-eabi/10.3.1/thumb/v7e-m+dp/hard\libgcc.a

.debug_info     0x0000000000000000    0x13d06
 .debug_info    0x0000000000000000     0x1d0d ./Core/Src/diff_chassis.o
 .debug_info    0x0000000000001d0d     0x3542 ./Core/Src/main.o
 .debug_info    0x000000000000524f     0x268e ./Core/Src/motor_controller.o
 .debug_info    0x00000000000078dd      0x24c ./Core/Src/pi_controller.o
 .debug_info    0x0000000000007b29     0x133a ./Core/Src/stm32h7xx_hal_msp.o
 .debug_info    0x0000000000008e63      0x8fd ./Core/Src/stm32h7xx_it.o
 .debug_info    0x0000000000009760      0xb45 ./Core/Src/system_stm32h7xx.o
 .debug_info    0x000000000000a2a5       0x22 ./Core/Startup/startup_stm32h723zgtx.o
 .debug_info    0x000000000000a2c7     0x1746 ./Drivers/STM32H7xx_HAL_Driver/Src/stm32h7xx_hal.o
 .debug_info    0x000000000000ba0d     0x1161 ./Drivers/STM32H7xx_HAL_Driver/Src/stm32h7xx_hal_cortex.o
 .debug_info    0x000000000000cb6e      0xd37 ./Drivers/STM32H7xx_HAL_Driver/Src/stm32h7xx_hal_gpio.o
 .debug_info    0x000000000000d8a5      0xe71 ./Drivers/STM32H7xx_HAL_Driver/Src/stm32h7xx_hal_pwr_ex.o
 .debug_info    0x000000000000e716      0xe4a ./Drivers/STM32H7xx_HAL_Driver/Src/stm32h7xx_hal_rcc.o
 .debug_info    0x000000000000f560     0x2dd1 ./Drivers/STM32H7xx_HAL_Driver/Src/stm32h7xx_hal_tim.o
 .debug_info    0x0000000000012331     0x19d5 ./Drivers/STM32H7xx_HAL_Driver/Src/stm32h7xx_hal_tim_ex.o

.debug_abbrev   0x0000000000000000     0x23ce
 .debug_abbrev  0x0000000000000000      0x2f7 ./Core/Src/diff_chassis.o
 .debug_abbrev  0x00000000000002f7      0x4b1 ./Core/Src/main.o
 .debug_abbrev  0x00000000000007a8      0x3f8 ./Core/Src/motor_controller.o
 .debug_abbrev  0x0000000000000ba0      0x182 ./Core/Src/pi_controller.o
 .debug_abbrev  0x0000000000000d22      0x223 ./Core/Src/stm32h7xx_hal_msp.o
 .debug_abbrev  0x0000000000000f45      0x19e ./Core/Src/stm32h7xx_it.o
 .debug_abbrev  0x00000000000010e3      0x136 ./Core/Src/system_stm32h7xx.o
 .debug_abbrev  0x0000000000001219       0x12 ./Core/Startup/startup_stm32h723zgtx.o
 .debug_abbrev  0x000000000000122b      0x292 ./Drivers/STM32H7xx_HAL_Driver/Src/stm32h7xx_hal.o
 .debug_abbrev  0x00000000000014bd      0x329 ./Drivers/STM32H7xx_HAL_Driver/Src/stm32h7xx_hal_cortex.o
 .debug_abbrev  0x00000000000017e6      0x1ec ./Drivers/STM32H7xx_HAL_Driver/Src/stm32h7xx_hal_gpio.o
 .debug_abbrev  0x00000000000019d2      0x27e ./Drivers/STM32H7xx_HAL_Driver/Src/stm32h7xx_hal_pwr_ex.o
 .debug_abbrev  0x0000000000001c50      0x2a7 ./Drivers/STM32H7xx_HAL_Driver/Src/stm32h7xx_hal_rcc.o
 .debug_abbrev  0x0000000000001ef7      0x25d ./Drivers/STM32H7xx_HAL_Driver/Src/stm32h7xx_hal_tim.o
 .debug_abbrev  0x0000000000002154      0x27a ./Drivers/STM32H7xx_HAL_Driver/Src/stm32h7xx_hal_tim_ex.o

.debug_aranges  0x0000000000000000      0xd38
 .debug_aranges
                0x0000000000000000       0x68 ./Core/Src/diff_chassis.o
 .debug_aranges
                0x0000000000000068       0x80 ./Core/Src/main.o
 .debug_aranges
                0x00000000000000e8       0x68 ./Core/Src/motor_controller.o
 .debug_aranges
                0x0000000000000150       0x28 ./Core/Src/pi_controller.o
 .debug_aranges
                0x0000000000000178       0x58 ./Core/Src/stm32h7xx_hal_msp.o
 .debug_aranges
                0x00000000000001d0       0x90 ./Core/Src/stm32h7xx_it.o
 .debug_aranges
                0x0000000000000260       0x28 ./Core/Src/system_stm32h7xx.o
 .debug_aranges
                0x0000000000000288       0x28 ./Core/Startup/startup_stm32h723zgtx.o
 .debug_aranges
                0x00000000000002b0      0x1c8 ./Drivers/STM32H7xx_HAL_Driver/Src/stm32h7xx_hal.o
 .debug_aranges
                0x0000000000000478      0x120 ./Drivers/STM32H7xx_HAL_Driver/Src/stm32h7xx_hal_cortex.o
 .debug_aranges
                0x0000000000000598       0x58 ./Drivers/STM32H7xx_HAL_Driver/Src/stm32h7xx_hal_gpio.o
 .debug_aranges
                0x00000000000005f0      0x148 ./Drivers/STM32H7xx_HAL_Driver/Src/stm32h7xx_hal_pwr_ex.o
 .debug_aranges
                0x0000000000000738       0x88 ./Drivers/STM32H7xx_HAL_Driver/Src/stm32h7xx_hal_rcc.o
 .debug_aranges
                0x00000000000007c0      0x3e0 ./Drivers/STM32H7xx_HAL_Driver/Src/stm32h7xx_hal_tim.o
 .debug_aranges
                0x0000000000000ba0      0x198 ./Drivers/STM32H7xx_HAL_Driver/Src/stm32h7xx_hal_tim_ex.o

.debug_ranges   0x0000000000000000      0xc50
 .debug_ranges  0x0000000000000000       0x58 ./Core/Src/diff_chassis.o
 .debug_ranges  0x0000000000000058       0x70 ./Core/Src/main.o
 .debug_ranges  0x00000000000000c8       0x58 ./Core/Src/motor_controller.o
 .debug_ranges  0x0000000000000120       0x18 ./Core/Src/pi_controller.o
 .debug_ranges  0x0000000000000138       0x48 ./Core/Src/stm32h7xx_hal_msp.o
 .debug_ranges  0x0000000000000180       0x80 ./Core/Src/stm32h7xx_it.o
 .debug_ranges  0x0000000000000200       0x18 ./Core/Src/system_stm32h7xx.o
 .debug_ranges  0x0000000000000218       0x20 ./Core/Startup/startup_stm32h723zgtx.o
 .debug_ranges  0x0000000000000238      0x1b8 ./Drivers/STM32H7xx_HAL_Driver/Src/stm32h7xx_hal.o
 .debug_ranges  0x00000000000003f0      0x110 ./Drivers/STM32H7xx_HAL_Driver/Src/stm32h7xx_hal_cortex.o
 .debug_ranges  0x0000000000000500       0x48 ./Drivers/STM32H7xx_HAL_Driver/Src/stm32h7xx_hal_gpio.o
 .debug_ranges  0x0000000000000548      0x138 ./Drivers/STM32H7xx_HAL_Driver/Src/stm32h7xx_hal_pwr_ex.o
 .debug_ranges  0x0000000000000680       0x78 ./Drivers/STM32H7xx_HAL_Driver/Src/stm32h7xx_hal_rcc.o
 .debug_ranges  0x00000000000006f8      0x3d0 ./Drivers/STM32H7xx_HAL_Driver/Src/stm32h7xx_hal_tim.o
 .debug_ranges  0x0000000000000ac8      0x188 ./Drivers/STM32H7xx_HAL_Driver/Src/stm32h7xx_hal_tim_ex.o

.debug_macro    0x0000000000000000    0x34829
 .debug_macro   0x0000000000000000      0x359 ./Core/Src/diff_chassis.o
 .debug_macro   0x0000000000000359      0xb68 ./Core/Src/diff_chassis.o
 .debug_macro   0x0000000000000ec1      0x232 ./Core/Src/diff_chassis.o
 .debug_macro   0x00000000000010f3       0x2e ./Core/Src/diff_chassis.o
 .debug_macro   0x0000000000001121       0x3b ./Core/Src/diff_chassis.o
 .debug_macro   0x000000000000115c       0x1c ./Core/Src/diff_chassis.o
 .debug_macro   0x0000000000001178       0x22 ./Core/Src/diff_chassis.o
 .debug_macro   0x000000000000119a       0x8e ./Core/Src/diff_chassis.o
 .debug_macro   0x0000000000001228       0x51 ./Core/Src/diff_chassis.o
 .debug_macro   0x0000000000001279      0x103 ./Core/Src/diff_chassis.o
 .debug_macro   0x000000000000137c       0x6a ./Core/Src/diff_chassis.o
 .debug_macro   0x00000000000013e6      0x1df ./Core/Src/diff_chassis.o
 .debug_macro   0x00000000000015c5       0x1c ./Core/Src/diff_chassis.o
 .debug_macro   0x00000000000015e1       0x22 ./Core/Src/diff_chassis.o
 .debug_macro   0x0000000000001603       0xfb ./Core/Src/diff_chassis.o
 .debug_macro   0x00000000000016fe     0x1305 ./Core/Src/diff_chassis.o
 .debug_macro   0x0000000000002a03      0x11f ./Core/Src/diff_chassis.o
 .debug_macro   0x0000000000002b22       0x27 ./Core/Src/diff_chassis.o
 .debug_macro   0x0000000000002b49    0x211d1 ./Core/Src/diff_chassis.o
 .debug_macro   0x0000000000023d1a       0x6d ./Core/Src/diff_chassis.o
 .debug_macro   0x0000000000023d87     0x3d0d ./Core/Src/diff_chassis.o
 .debug_macro   0x0000000000027a94      0x17b ./Core/Src/diff_chassis.o
 .debug_macro   0x0000000000027c0f      0x18a ./Core/Src/diff_chassis.o
 .debug_macro   0x0000000000027d99       0x10 ./Core/Src/diff_chassis.o
 .debug_macro   0x0000000000027da9      0x3d1 ./Core/Src/diff_chassis.o
 .debug_macro   0x000000000002817a       0x18 ./Core/Src/diff_chassis.o
 .debug_macro   0x0000000000028192       0x52 ./Core/Src/diff_chassis.o
 .debug_macro   0x00000000000281e4       0x1d ./Core/Src/diff_chassis.o
 .debug_macro   0x0000000000028201       0x3c ./Core/Src/diff_chassis.o
 .debug_macro   0x000000000002823d       0x34 ./Core/Src/diff_chassis.o
 .debug_macro   0x0000000000028271       0x16 ./Core/Src/diff_chassis.o
 .debug_macro   0x0000000000028287       0x43 ./Core/Src/diff_chassis.o
 .debug_macro   0x00000000000282ca       0x34 ./Core/Src/diff_chassis.o
 .debug_macro   0x00000000000282fe       0x10 ./Core/Src/diff_chassis.o
 .debug_macro   0x000000000002830e       0x58 ./Core/Src/diff_chassis.o
 .debug_macro   0x0000000000028366       0x71 ./Core/Src/diff_chassis.o
 .debug_macro   0x00000000000283d7       0x16 ./Core/Src/diff_chassis.o
 .debug_macro   0x00000000000283ed      0x12a ./Core/Src/diff_chassis.o
 .debug_macro   0x0000000000028517      0x364 ./Core/Src/diff_chassis.o
 .debug_macro   0x000000000002887b      0x194 ./Core/Src/diff_chassis.o
 .debug_macro   0x0000000000028a0f       0x10 ./Core/Src/diff_chassis.o
 .debug_macro   0x0000000000028a1f       0x16 ./Core/Src/diff_chassis.o
 .debug_macro   0x0000000000028a35       0x35 ./Core/Src/diff_chassis.o
 .debug_macro   0x0000000000028a6a       0x16 ./Core/Src/diff_chassis.o
 .debug_macro   0x0000000000028a80       0x29 ./Core/Src/diff_chassis.o
 .debug_macro   0x0000000000028aa9       0x10 ./Core/Src/diff_chassis.o
 .debug_macro   0x0000000000028ab9      0x3c7 ./Core/Src/diff_chassis.o
 .debug_macro   0x0000000000028e80       0x5d ./Core/Src/diff_chassis.o
 .debug_macro   0x0000000000028edd     0x2462 ./Core/Src/diff_chassis.o
 .debug_macro   0x000000000002b33f     0x104f ./Core/Src/diff_chassis.o
 .debug_macro   0x000000000002c38e      0x14d ./Core/Src/diff_chassis.o
 .debug_macro   0x000000000002c4db      0x114 ./Core/Src/diff_chassis.o
 .debug_macro   0x000000000002c5ef      0x3f8 ./Core/Src/diff_chassis.o
 .debug_macro   0x000000000002c9e7       0xac ./Core/Src/diff_chassis.o
 .debug_macro   0x000000000002ca93      0x788 ./Core/Src/diff_chassis.o
 .debug_macro   0x000000000002d21b      0x228 ./Core/Src/diff_chassis.o
 .debug_macro   0x000000000002d443       0x66 ./Core/Src/diff_chassis.o
 .debug_macro   0x000000000002d4a9      0x3a6 ./Core/Src/diff_chassis.o
 .debug_macro   0x000000000002d84f      0x3f9 ./Core/Src/diff_chassis.o
 .debug_macro   0x000000000002dc48      0x275 ./Core/Src/diff_chassis.o
 .debug_macro   0x000000000002debd      0x3ca ./Core/Src/diff_chassis.o
 .debug_macro   0x000000000002e287      0x45c ./Core/Src/diff_chassis.o
 .debug_macro   0x000000000002e6e3       0x3c ./Core/Src/diff_chassis.o
 .debug_macro   0x000000000002e71f       0x4a ./Core/Src/diff_chassis.o
 .debug_macro   0x000000000002e769      0x22c ./Core/Src/diff_chassis.o
 .debug_macro   0x000000000002e995       0x67 ./Core/Src/diff_chassis.o
 .debug_macro   0x000000000002e9fc       0xa5 ./Core/Src/diff_chassis.o
 .debug_macro   0x000000000002eaa1      0x1c4 ./Core/Src/diff_chassis.o
 .debug_macro   0x000000000002ec65      0x22a ./Core/Src/diff_chassis.o
 .debug_macro   0x000000000002ee8f       0x35 ./Core/Src/diff_chassis.o
 .debug_macro   0x000000000002eec4      0xb16 ./Core/Src/diff_chassis.o
 .debug_macro   0x000000000002f9da      0x29f ./Core/Src/diff_chassis.o
 .debug_macro   0x000000000002fc79      0x5e6 ./Core/Src/diff_chassis.o
 .debug_macro   0x000000000003025f       0x10 ./Core/Src/diff_chassis.o
 .debug_macro   0x000000000003026f      0x363 ./Core/Src/main.o
 .debug_macro   0x00000000000305d2      0x349 ./Core/Src/motor_controller.o
 .debug_macro   0x000000000003091b       0x1b ./Core/Src/pi_controller.o
 .debug_macro   0x0000000000030936      0x29e ./Core/Src/stm32h7xx_hal_msp.o
 .debug_macro   0x0000000000030bd4      0xa90 ./Core/Src/stm32h7xx_hal_msp.o
 .debug_macro   0x0000000000031664     0x1305 ./Core/Src/stm32h7xx_hal_msp.o
 .debug_macro   0x0000000000032969      0x174 ./Core/Src/stm32h7xx_hal_msp.o
 .debug_macro   0x0000000000032add       0x34 ./Core/Src/stm32h7xx_hal_msp.o
 .debug_macro   0x0000000000032b11       0x43 ./Core/Src/stm32h7xx_hal_msp.o
 .debug_macro   0x0000000000032b54       0x1c ./Core/Src/stm32h7xx_hal_msp.o
 .debug_macro   0x0000000000032b70      0x341 ./Core/Src/stm32h7xx_hal_msp.o
 .debug_macro   0x0000000000032eb1      0x19b ./Core/Src/stm32h7xx_hal_msp.o
 .debug_macro   0x000000000003304c      0x2a8 ./Core/Src/stm32h7xx_it.o
 .debug_macro   0x00000000000332f4      0x294 ./Core/Src/system_stm32h7xx.o
 .debug_macro   0x0000000000033588      0x2be ./Drivers/STM32H7xx_HAL_Driver/Src/stm32h7xx_hal.o
 .debug_macro   0x0000000000033846      0x294 ./Drivers/STM32H7xx_HAL_Driver/Src/stm32h7xx_hal_cortex.o
 .debug_macro   0x0000000000033ada      0x29b ./Drivers/STM32H7xx_HAL_Driver/Src/stm32h7xx_hal_gpio.o
 .debug_macro   0x0000000000033d75      0x2cd ./Drivers/STM32H7xx_HAL_Driver/Src/stm32h7xx_hal_pwr_ex.o
 .debug_macro   0x0000000000034042      0x2b8 ./Drivers/STM32H7xx_HAL_Driver/Src/stm32h7xx_hal_rcc.o
 .debug_macro   0x00000000000342fa      0x295 ./Drivers/STM32H7xx_HAL_Driver/Src/stm32h7xx_hal_tim.o
 .debug_macro   0x000000000003458f      0x29a ./Drivers/STM32H7xx_HAL_Driver/Src/stm32h7xx_hal_tim_ex.o

.debug_line     0x0000000000000000     0xf199
 .debug_line    0x0000000000000000      0xdc6 ./Core/Src/diff_chassis.o
 .debug_line    0x0000000000000dc6     0x1019 ./Core/Src/main.o
 .debug_line    0x0000000000001ddf      0xddd ./Core/Src/motor_controller.o
 .debug_line    0x0000000000002bbc      0x10b ./Core/Src/pi_controller.o
 .debug_line    0x0000000000002cc7      0x9c1 ./Core/Src/stm32h7xx_hal_msp.o
 .debug_line    0x0000000000003688      0x96b ./Core/Src/stm32h7xx_it.o
 .debug_line    0x0000000000003ff3      0x9bd ./Core/Src/system_stm32h7xx.o
 .debug_line    0x00000000000049b0       0x88 ./Core/Startup/startup_stm32h723zgtx.o
 .debug_line    0x0000000000004a38      0xe57 ./Drivers/STM32H7xx_HAL_Driver/Src/stm32h7xx_hal.o
 .debug_line    0x000000000000588f      0xdcc ./Drivers/STM32H7xx_HAL_Driver/Src/stm32h7xx_hal_cortex.o
 .debug_line    0x000000000000665b      0xc75 ./Drivers/STM32H7xx_HAL_Driver/Src/stm32h7xx_hal_gpio.o
 .debug_line    0x00000000000072d0      0xe3b ./Drivers/STM32H7xx_HAL_Driver/Src/stm32h7xx_hal_pwr_ex.o
 .debug_line    0x000000000000810b     0x129b ./Drivers/STM32H7xx_HAL_Driver/Src/stm32h7xx_hal_rcc.o
 .debug_line    0x00000000000093a6     0x3f1f ./Drivers/STM32H7xx_HAL_Driver/Src/stm32h7xx_hal_tim.o
 .debug_line    0x000000000000d2c5     0x1ed4 ./Drivers/STM32H7xx_HAL_Driver/Src/stm32h7xx_hal_tim_ex.o

.debug_str      0x0000000000000000   0x145f6a
 .debug_str     0x0000000000000000   0x14155e ./Core/Src/diff_chassis.o
                                     0x141b34 (size before relaxing)
 .debug_str     0x000000000014155e     0x1225 ./Core/Src/main.o
                                     0x142ff3 (size before relaxing)
 .debug_str     0x0000000000142783       0xc9 ./Core/Src/motor_controller.o
                                     0x142407 (size before relaxing)
 .debug_str     0x000000000014284c       0x4d ./Core/Src/pi_controller.o
                                       0x322a (size before relaxing)
 .debug_str     0x0000000000142899      0xb53 ./Core/Src/stm32h7xx_hal_msp.o
                                     0x13fed7 (size before relaxing)
 .debug_str     0x00000000001433ec      0x141 ./Core/Src/stm32h7xx_it.o
                                     0x13f460 (size before relaxing)
 .debug_str     0x000000000014352d      0x2a6 ./Core/Src/system_stm32h7xx.o
                                     0x13f1b3 (size before relaxing)
 .debug_str     0x00000000001437d3       0x36 ./Core/Startup/startup_stm32h723zgtx.o
                                         0x75 (size before relaxing)
 .debug_str     0x0000000000143809      0x954 ./Drivers/STM32H7xx_HAL_Driver/Src/stm32h7xx_hal.o
                                     0x14023d (size before relaxing)
 .debug_str     0x000000000014415d      0x325 ./Drivers/STM32H7xx_HAL_Driver/Src/stm32h7xx_hal_cortex.o
                                     0x13fb1f (size before relaxing)
 .debug_str     0x0000000000144482       0xf1 ./Drivers/STM32H7xx_HAL_Driver/Src/stm32h7xx_hal_gpio.o
                                     0x13f1fe (size before relaxing)
 .debug_str     0x0000000000144573      0x5ee ./Drivers/STM32H7xx_HAL_Driver/Src/stm32h7xx_hal_pwr_ex.o
                                     0x13f606 (size before relaxing)
 .debug_str     0x0000000000144b61      0x22e ./Drivers/STM32H7xx_HAL_Driver/Src/stm32h7xx_hal_rcc.o
                                     0x13f581 (size before relaxing)
 .debug_str     0x0000000000144d8f      0xccf ./Drivers/STM32H7xx_HAL_Driver/Src/stm32h7xx_hal_tim.o
                                     0x14036f (size before relaxing)
 .debug_str     0x0000000000145a5e      0x50c ./Drivers/STM32H7xx_HAL_Driver/Src/stm32h7xx_hal_tim_ex.o
                                     0x13fd2c (size before relaxing)

.comment        0x0000000000000000       0x50
 .comment       0x0000000000000000       0x50 ./Core/Src/diff_chassis.o
                                         0x51 (size before relaxing)
 .comment       0x0000000000000050       0x51 ./Core/Src/main.o
 .comment       0x0000000000000050       0x51 ./Core/Src/motor_controller.o
 .comment       0x0000000000000050       0x51 ./Core/Src/pi_controller.o
 .comment       0x0000000000000050       0x51 ./Core/Src/stm32h7xx_hal_msp.o
 .comment       0x0000000000000050       0x51 ./Core/Src/stm32h7xx_it.o
 .comment       0x0000000000000050       0x51 ./Core/Src/system_stm32h7xx.o
 .comment       0x0000000000000050       0x51 ./Drivers/STM32H7xx_HAL_Driver/Src/stm32h7xx_hal.o
 .comment       0x0000000000000050       0x51 ./Drivers/STM32H7xx_HAL_Driver/Src/stm32h7xx_hal_cortex.o
 .comment       0x0000000000000050       0x51 ./Drivers/STM32H7xx_HAL_Driver/Src/stm32h7xx_hal_gpio.o
 .comment       0x0000000000000050       0x51 ./Drivers/STM32H7xx_HAL_Driver/Src/stm32h7xx_hal_pwr_ex.o
 .comment       0x0000000000000050       0x51 ./Drivers/STM32H7xx_HAL_Driver/Src/stm32h7xx_hal_rcc.o
 .comment       0x0000000000000050       0x51 ./Drivers/STM32H7xx_HAL_Driver/Src/stm32h7xx_hal_tim.o
 .comment       0x0000000000000050       0x51 ./Drivers/STM32H7xx_HAL_Driver/Src/stm32h7xx_hal_tim_ex.o

.debug_frame    0x0000000000000000     0x36e0
 .debug_frame   0x0000000000000000      0x1b4 ./Core/Src/diff_chassis.o
 .debug_frame   0x00000000000001b4      0x1dc ./Core/Src/main.o
 .debug_frame   0x0000000000000390      0x188 ./Core/Src/motor_controller.o
 .debug_frame   0x0000000000000518       0x60 ./Core/Src/pi_controller.o
 .debug_frame   0x0000000000000578      0x138 ./Core/Src/stm32h7xx_hal_msp.o
 .debug_frame   0x00000000000006b0      0x1ac ./Core/Src/stm32h7xx_it.o
 .debug_frame   0x000000000000085c       0x58 ./Core/Src/system_stm32h7xx.o
 .debug_frame   0x00000000000008b4      0x760 ./Drivers/STM32H7xx_HAL_Driver/Src/stm32h7xx_hal.o
 .debug_frame   0x0000000000001014      0x4b8 ./Drivers/STM32H7xx_HAL_Driver/Src/stm32h7xx_hal_cortex.o
 .debug_frame   0x00000000000014cc      0x14c ./Drivers/STM32H7xx_HAL_Driver/Src/stm32h7xx_hal_gpio.o
 .debug_frame   0x0000000000001618      0x540 ./Drivers/STM32H7xx_HAL_Driver/Src/stm32h7xx_hal_pwr_ex.o
 .debug_frame   0x0000000000001b58      0x1fc ./Drivers/STM32H7xx_HAL_Driver/Src/stm32h7xx_hal_rcc.o
 .debug_frame   0x0000000000001d54     0x121c ./Drivers/STM32H7xx_HAL_Driver/Src/stm32h7xx_hal_tim.o
 .debug_frame   0x0000000000002f70      0x724 ./Drivers/STM32H7xx_HAL_Driver/Src/stm32h7xx_hal_tim_ex.o
 .debug_frame   0x0000000000003694       0x2c c:/st/stm32cubeide_1.10.1/stm32cubeide/plugins/com.st.stm32cube.ide.mcu.externaltools.gnu-tools-for-stm32.10.3-2021.10.win32_1.0.0.202111181127/tools/bin/../lib/gcc/arm-none-eabi/10.3.1/../../../../arm-none-eabi/lib/thumb/v7e-m+dp/hard\libc_nano.a(lib_a-init.o)
 .debug_frame   0x00000000000036c0       0x20 c:/st/stm32cubeide_1.10.1/stm32cubeide/plugins/com.st.stm32cube.ide.mcu.externaltools.gnu-tools-for-stm32.10.3-2021.10.win32_1.0.0.202111181127/tools/bin/../lib/gcc/arm-none-eabi/10.3.1/../../../../arm-none-eabi/lib/thumb/v7e-m+dp/hard\libc_nano.a(lib_a-memset.o)
