../Core/Src/main.cpp:91:5:int main()	8	static
../Core/Src/main.cpp:158:6:void SystemClock_Config()	120	static
../Core/Src/main.cpp:209:13:void MX_TIM2_Init()	56	static
../Core/Src/main.cpp:258:13:void MX_TIM3_Init()	56	static
../Core/Src/main.cpp:307:13:void MX_TIM4_Init()	56	static
../Core/Src/main.cpp:356:13:void MX_TIM5_Init()	56	static
../Core/Src/main.cpp:405:13:void MX_TIM6_Init()	24	static
../Core/Src/main.cpp:443:13:void MX_TIM15_Init()	104	static
../Core/Src/main.cpp:513:13:void MX_GPIO_Init()	48	static
../Core/Src/main.cpp:567:6:void HAL_TIM_PeriodElapsedCallback(TIM_HandleTypeDef*)	160	static
../Core/Src/main.cpp:609:6:void Error_Handler()	4	static,ignoring_inline_asm
../Core/Src/main.cpp:618:1:void __static_initialization_and_destruction_0(int, int)	16	static
../Core/Src/main.cpp:618:1:cpp)	8	static
