c:\st\stm32cubeide_1.10.1\stm32cubeide\plugins\com.st.stm32cube.ide.mcu.externaltools.gnu-tools-for-stm32.10.3-2021.10.win32_1.0.0.202111181127\tools\arm-none-eabi\include\c++\10.3.1\cmath:241:3:constexpr float std::fabs(float)	16	static
../Core/Src/motor_controller.cpp:7:1:MotorController::MotorController(int, TIM_HandleTypeDef*, uint32_t, TIM_HandleTypeDef*, GPIO_TypeDef*, uint16_t, float, float, float, float)	40	static
../Core/Src/motor_controller.cpp:10:6:void MotorController::SetSpeed(float)	16	static
../Core/Src/motor_controller.cpp:14:7:float MotorController::Update(float)	24	static
../Core/Src/motor_controller.cpp:21:6:void MotorController::SetPWM(float)	16	static
../Core/Src/motor_controller.cpp:30:7:float MotorController::GetMeasuredSpeed()	24	static
../Core/Src/motor_controller.cpp:38:7:float MotorController::GetVnow()	16	static
../Core/Src/motor_controller.cpp:41:7:float MotorController::MoveDistance()	24	static
../Core/Src/motor_controller.cpp:46:1:void __static_initialization_and_destruction_0(int, int)	16	static
../Core/Src/motor_controller.cpp:46:1:cpp)	8	static
